 * Serving Flask app 'backend.app'
 * Debug mode: off
.venv\Scripts\python.exe : 
WARNING: This is a 
development server. Do not 
use it in a production 
deployment. Use a production 
WSGI server instead.
At line:1 char:1
+ .venv\Scripts\python.exe 
app.py > flask_run.log 2>&1
+ ~~~~~~~~~~~~~~~~~~~~~~~~~~~~
~~~~~~~~~~~~~~~~~~~~~~~~
    + CategoryInfo          : 
    NotSpecified: (WARNING:   
  This i...server instead.:   
 String) [], RemoteExcepti    
on
    + FullyQualifiedErrorId : 
    NativeCommandError
 
 * Running on all addresses 
(0.0.0.0)
 * Running on 
http://127.0.0.1:5000
 * Running on 
http://10.242.120.239:5000
Press CTRL+C to quit
